Microchip MPLAB XC8 Compiler V3.00

Linker command line:

-W-3 \
  --edf=C:\Program Files\Microchip\xc8\v3.00\pic\dat\20241204225717_en.msgs \
  -cn -h+dist/default/production\P1_Car_Black_Box.X.production.sym \
  --cmf=dist/default/production\P1_Car_Black_Box.X.production.cmf -z \
  -Q16F877A -oC:\Users\acer\AppData\Local\Temp\xcAs7ak.\driver_tmp_3.o \
  --defsym=__MPLAB_BUILD=1 --fixupoverflow=error \
  -Mdist/default/production/P1_Car_Black_Box.X.production.map \
  --md=C:\Users\acer\AppData\Local\Temp\xcAs7ak.\driver_tmp_0.dat -E1 \
  -ver=XC8 Compiler -ACODE=00h-07FFhx4 -ASTRCODE=00h-01FFFh \
  -ASTRING=00h-0FFhx32 -ACONST=00h-0FFhx32 -AENTRY=00h-0FFhx32 \
  -ACOMMON=070h-07Fh -ABANK0=020h-06Fh -ABANK1=0A0h-0EFh \
  -ABANK2=0110h-016Fh -ABANK3=0190h-01EFh \
  -ARAM=020h-06Fh,0A0h-0EFh,0110h-016Fh,0190h-01EFh \
  -AABS1=020h-07Fh,0A0h-0EFh,0110h-016Fh,0190h-01EFh -ASFR0=00h-01Fh \
  -ASFR1=080h-09Fh -ASFR2=0100h-010Fh -ASFR3=0180h-018Fh \
  -ACONFIG=02007h-02007h -DCONFIG=2 -AIDLOC=02000h-02003h -DIDLOC=2 \
  -AEEDATA=00h-0FFh/02100h -peeprom_data=EEDATA -DEEDATA=2 -DCODE=2 \
  -DSTRCODE=2 -DSTRING=2 -DCONST=2 -DENTRY=2 \
  -preset_vec=00h,intentry=04h,sivt,init,end_init -ppowerup=CODE \
  -pcinit=CODE -pfunctab=ENTRY -k \
  C:\Users\acer\AppData\Local\Temp\xcAs7ak.\driver_tmp_12.o \
  dist/default/production\P1_Car_Black_Box.X.production.o 

Object code version is 3.11

Machine type is 16F877A



                Name                               Link     Load   Length Selector   Space Scale
C:\Users\acer\AppData\Local\Temp\xcAs7ak.\driver_tmp_12.o
                end_init                              C        C        3        8       0
                reset_vec                             0        0        3        0       0
                config                             2007     2007        1        0       4
                idloc                              2000     2000        4        0       5
dist/default/production\P1_Car_Black_Box.X.production.o
                cinit                                 F        F       2F        8       0
                intentry                              4        4        8        8       0
                config                             2007     2007        1        0       4
                idloc                              2000     2000        4        0       5
                text51                             13FA     13FA       32     27F4       0
                text50                              36C      36C      1CA        8       0
                text49                              86A      86A       76     10D4       0
                text48                              8E0      8E0       B6     11C0       0
                text47                             145E     145E       36     28BC       0
                text46                             139B     139B       2F     2736       0
                text45                             121E     121E       15     243C       0
                text44                             11C3     11C3       11     2386       0
                text43                             11A9     11A9        D     2352       0
                text42                             1FC2     1FC2        9     3F84       0
                text41                             1FCB     1FCB        9     3F96       0
                text40                             1FD4     1FD4        B     3FA8       0
                text39                             124C     124C       1E     2498       0
                text38                             12F0     12F0       2A     25E0       0
                text37                             1585     1585       4B     2B0A       0
                text36                              B19      B19      198     1632       0
                text35                             1494     1494       37     2928       0
                text34                             173A     173A       63     2E74       0
                text33                             1624     1624       57     2C48       0
                text32                             1288     1288       21     2510       0
                text31                             1FDF     1FDF        B     3FBE       0
                text30                             131A     131A       2B     2634       0
                text29                              7B3      7B3       4D        8       0
                text28                             16D8     16D8       62     2DB0       0
                text27                             15D0     15D0       54     2BA0       0
                text26                             11F8     11F8       13     23F0       0
                text25                             1345     1345       2B     268A       0
                text24                             1FEA     1FEA        B     3FD4       0
                text23                             12CA     12CA       26     2594       0
                text22                              6EB      6EB       C8        8       0
                text21                             1FB3     1FB3        7     3F66       0
                text20                             179D     179D       63     2F3A       0
                text19                             1FF5     1FF5        B     3FEA       0
                text18                             1FAD     1FAD        6     3F5A       0
                text17                             126A     126A       1E     24D4       0
                text16                             11D4     11D4       12     23A8       0
                text15                              804      804       66     1008       0
                text14                             142C     142C       32     2858       0
                text13                             11B6     11B6        D     236C       0
                text12                             13CA     13CA       30     2794       0
                text11                             1542     1542       43     2A84       0
                text10                             1370     1370       2B     26E0       0
                text9                              14CB     14CB       38     2996       0
                text8                              1503     1503       3F     2A06       0
                text7                              167B     167B       5D     2CF6       0
                text6                               536      536      1B5        8       0
                text5                               996      996      183     132C       0
                text4                              11E6     11E6       12     23CC       0
                text3                               CB1      CB1      1A7     1962       0
                text2                              12A9     12A9       21     2552       0
                text1                               E58      E58      1A8     1CB0       0
                maintext                             3E       3E      32E        8       0
                cstackBANK0                          20       20       32       20       1
                cstackCOMMON                         70       70        A       70       1
                cstackBANK3                         190      190       17      190       1
                clrtext                            1FBA     1FBA        8     3F74       0
                inittext                           120B     120B       13     2416       0
                dataBANK1                            CA       CA       19       A0       1
                bssBANK1                             A0       A0       2A       A0       1
                dataBANK0                            5A       5A        1       20       1
                bssBANK0                             52       52        8       20       1
                dataCOMMON                           7B       7B        1       70       1
                bssCOMMON                            7A       7A        1       70       1
                stringtext                         1000     1000      192       20       0
                strings                            1192     1192       12     2324       0
                idataBANK1                         1233     1233       19     2466       0
                idataBANK0                          803      803        1     1006       0
                idataCOMMON                           3        3        1        0       0

TOTAL           Name                               Link     Load   Length     Space
        CLASS   CODE           
                end_init                              C        C        3         0
                cinit                                 F        F       2F         0
                intentry                              4        4        8         0
                reset_vec                             0        0        3         0
                text51                             13FA     13FA       32         0
                text50                              36C      36C      1CA         0
                text49                              86A      86A       76         0
                text48                              8E0      8E0       B6         0
                text47                             145E     145E       36         0
                text46                             139B     139B       2F         0
                text45                             121E     121E       15         0
                text44                             11C3     11C3       11         0
                text43                             11A9     11A9        D         0
                text42                             1FC2     1FC2        9         0
                text41                             1FCB     1FCB        9         0
                text40                             1FD4     1FD4        B         0
                text39                             124C     124C       1E         0
                text38                             12F0     12F0       2A         0
                text37                             1585     1585       4B         0
                text36                              B19      B19      198         0
                text35                             1494     1494       37         0
                text34                             173A     173A       63         0
                text33                             1624     1624       57         0
                text32                             1288     1288       21         0
                text31                             1FDF     1FDF        B         0
                text30                             131A     131A       2B         0
                text29                              7B3      7B3       4D         0
                text28                             16D8     16D8       62         0
                text27                             15D0     15D0       54         0
                text26                             11F8     11F8       13         0
                text25                             1345     1345       2B         0
                text24                             1FEA     1FEA        B         0
                text23                             12CA     12CA       26         0
                text22                              6EB      6EB       C8         0
                text21                             1FB3     1FB3        7         0
                text20                             179D     179D       63         0
                text19                             1FF5     1FF5        B         0
                text18                             1FAD     1FAD        6         0
                text17                             126A     126A       1E         0
                text16                             11D4     11D4       12         0
                text15                              804      804       66         0
                text14                             142C     142C       32         0
                text13                             11B6     11B6        D         0
                text12                             13CA     13CA       30         0
                text11                             1542     1542       43         0
                text10                             1370     1370       2B         0
                text9                              14CB     14CB       38         0
                text8                              1503     1503       3F         0
                text7                              167B     167B       5D         0
                text6                               536      536      1B5         0
                text5                               996      996      183         0
                text4                              11E6     11E6       12         0
                text3                               CB1      CB1      1A7         0
                text2                              12A9     12A9       21         0
                text1                               E58      E58      1A8         0
                maintext                             3E       3E      32E         0
                clrtext                            1FBA     1FBA        8         0
                inittext                           120B     120B       13         0
                idataBANK1                         1233     1233       19         0
                idataBANK0                          803      803        1         0
                idataCOMMON                           3        3        1         0

        CLASS   STRCODE        
                stringtext                         1000     1000      192         0

        CLASS   STRING         
                strings                            1192     1192       12         0

        CLASS   CONST          

        CLASS   ENTRY          

        CLASS   COMMON         
                cstackCOMMON                         70       70        A         1
                dataCOMMON                           7B       7B        1         1
                bssCOMMON                            7A       7A        1         1

        CLASS   BANK0          
                cstackBANK0                          20       20       32         1
                dataBANK0                            5A       5A        1         1
                bssBANK0                             52       52        8         1

        CLASS   BANK1          
                dataBANK1                            CA       CA       19         1
                bssBANK1                             A0       A0       2A         1

        CLASS   BANK2          

        CLASS   BANK3          
                cstackBANK3                         190      190       17         1

        CLASS   RAM            

        CLASS   ABS1           
                abs_s1                               7E       7E        2         1

        CLASS   SFR0           

        CLASS   SFR1           

        CLASS   SFR2           

        CLASS   SFR3           

        CLASS   CONFIG         
                config                             2007     2007        1         4

        CLASS   IDLOC          
                idloc                              2000     2000        4         5

        CLASS   EEDATA         

        CLASS   HEAP           

        CLASS   STACK          



SEGMENTS        Name                           Load    Length   Top    Selector   Space  Class     Delta

                reset_vec                      000000  000004  000004         0       0  CODE        2
                intentry                       000004  0007FC  000800         8       0  CODE        2
                cstackBANK0                    000020  00003B  00005B        20       1  BANK0       1
                cstackCOMMON                   000070  00000C  00007C        70       1  COMMON      1
                bssBANK1                       0000A0  000043  0000E3        A0       1  BANK1       1
                cstackBANK3                    000190  000017  0001A7       190       1  BANK3       1
                idataBANK0                     000803  000001  000804      1006       0  CODE        2
                text15                         000804  000066  00086A      1008       0  CODE        2
                text49                         00086A  000076  0008E0      10D4       0  CODE        2
                text48                         0008E0  0000B6  000996      11C0       0  CODE        2
                text5                          000996  000183  000B19      132C       0  CODE        2
                text36                         000B19  000198  000CB1      1632       0  CODE        2
                text3                          000CB1  0001A7  000E58      1962       0  CODE        2
                text1                          000E58  0001A8  001000      1CB0       0  CODE        2
                stringtext                     001000  000192  001192        20       0  STRCODE     2
                strings                        001192  000012  0011A4      2324       0  STRING      2
                text43                         0011A9  00000D  0011B6      2352       0  CODE        2
                text13                         0011B6  00000D  0011C3      236C       0  CODE        2
                text44                         0011C3  000011  0011D4      2386       0  CODE        2
                text16                         0011D4  000012  0011E6      23A8       0  CODE        2
                text4                          0011E6  000012  0011F8      23CC       0  CODE        2
                text26                         0011F8  000013  00120B      23F0       0  CODE        2
                inittext                       00120B  000013  00121E      2416       0  CODE        2
                text45                         00121E  000015  001233      243C       0  CODE        2
                idataBANK1                     001233  000019  00124C      2466       0  CODE        2
                text39                         00124C  00001E  00126A      2498       0  CODE        2
                text17                         00126A  00001E  001288      24D4       0  CODE        2
                text32                         001288  000021  0012A9      2510       0  CODE        2
                text2                          0012A9  000021  0012CA      2552       0  CODE        2
                text23                         0012CA  000026  0012F0      2594       0  CODE        2
                text38                         0012F0  00002A  00131A      25E0       0  CODE        2
                text30                         00131A  00002B  001345      2634       0  CODE        2
                text25                         001345  00002B  001370      268A       0  CODE        2
                text10                         001370  00002B  00139B      26E0       0  CODE        2
                text46                         00139B  00002F  0013CA      2736       0  CODE        2
                text12                         0013CA  000030  0013FA      2794       0  CODE        2
                text51                         0013FA  000032  00142C      27F4       0  CODE        2
                text14                         00142C  000032  00145E      2858       0  CODE        2
                text47                         00145E  000036  001494      28BC       0  CODE        2
                text35                         001494  000037  0014CB      2928       0  CODE        2
                text9                          0014CB  000038  001503      2996       0  CODE        2
                text8                          001503  00003F  001542      2A06       0  CODE        2
                text11                         001542  000043  001585      2A84       0  CODE        2
                text37                         001585  00004B  0015D0      2B0A       0  CODE        2
                text27                         0015D0  000054  001624      2BA0       0  CODE        2
                text33                         001624  000057  00167B      2C48       0  CODE        2
                text7                          00167B  00005D  0016D8      2CF6       0  CODE        2
                text28                         0016D8  000062  00173A      2DB0       0  CODE        2
                text34                         00173A  000063  00179D      2E74       0  CODE        2
                text20                         00179D  000063  001800      2F3A       0  CODE        2
                text18                         001FAD  000006  001FB3      3F5A       0  CODE        2
                text21                         001FB3  000007  001FBA      3F66       0  CODE        2
                clrtext                        001FBA  000008  001FC2      3F74       0  CODE        2
                text42                         001FC2  000009  001FCB      3F84       0  CODE        2
                text41                         001FCB  000009  001FD4      3F96       0  CODE        2
                text40                         001FD4  00000B  001FDF      3FA8       0  CODE        2
                text31                         001FDF  00000B  001FEA      3FBE       0  CODE        2
                text24                         001FEA  00000B  001FF5      3FD4       0  CODE        2
                text19                         001FF5  00000B  002000      3FEA       0  CODE        2


UNUSED ADDRESS RANGES

        Name                Unused          Largest block    Delta
        BANK0            005B-006F             15           1
        BANK1            00E3-00EF              D           1
        BANK2            0110-016F             60           1
        BANK3            01A7-01EF             49           1
        CODE             0800-0802              3           2
                         11A4-11A8              5
                         1800-1FAC            7AD
        COMMON           007C-007D              2           1
        CONST            0800-0802              3           2
                         11A4-11A8              5
                         1800-1FAC            100
        EEDATA           2100-21FF            100           2
        ENTRY            0800-0802              3           2
                         11A4-11A8              5
                         1800-1FAC            100
        RAM              005B-006F             15           1
                         00E3-00EF              D
                         0110-016F             60
                         01A7-01EF             49
        SFR0             0000-001F             20           1
        SFR1             0080-009F             20           1
        SFR2             0100-010F             10           1
        SFR3             0180-018F             10           1
        STRCODE          0800-0802              3           2
                         11A4-11A8              5
                         1800-1FAC            7AD
        STRING           0800-0802              3           2
                         11A4-11A8              5
                         1800-1FAC            100

                                  Symbol Table

?___awdiv                            cstackCOMMON 0072
?___awmod                            cstackCOMMON 0072
?___fldiv                            cstackBANK0  002A
?___fltol                            cstackBANK0  0044
?___lldiv                            cstackCOMMON 0072
?___xxtofl                           cstackCOMMON 0076
?_read_adc                           cstackCOMMON 0072
?_strncmp                            cstackCOMMON 0072
_ACKDT                               (abs)        048D
_ACKEN                               (abs)        048C
_ACKSTAT                             (abs)        048E
_ADFM                                (abs)        04FF
_ADON                                (abs)        00F8
_ADRESH                              (abs)        001E
_ADRESL                              (abs)        009E
_CREN                                (abs)        00C4
_GIE                                 (abs)        005F
_GO                                  (abs)        00FA
_PEIE                                (abs)        005E
_PEN                                 (abs)        048A
_PORTB                               (abs)        0006
_PORTD                               (abs)        0008
_PR2                                 (abs)        0092
_PSA                                 (abs)        040B
_RCEN                                (abs)        048B
_RCIF                                (abs)        0065
_RCREG                               (abs)        001A
_RE1                                 (abs)        0049
_RE2                                 (abs)        004A
_R_nW                                (abs)        04A2
_SEN                                 (abs)        0488
_SPBRG                               (abs)        0099
_SPEN                                (abs)        00C7
_SSPADD                              (abs)        0093
_SSPBUF                              (abs)        0013
_SSPCON2                             (abs)        0091
_SSPEN                               (abs)        00A5
_SSPM3                               (abs)        00A3
_T0CS                                (abs)        040D
_T2CKPS0                             (abs)        0090
_T2CKPS1                             (abs)        0091
_TMR0                                (abs)        0001
_TMR0IE                              (abs)        005D
_TMR2IE                              (abs)        0461
_TMR2IF                              (abs)        0061
_TMR2ON                              (abs)        0092
_TRISB                               (abs)        0086
_TRISD                               (abs)        0088
_TRISE1                              (abs)        0449
_TRISE2                              (abs)        044A
_TXIF                                (abs)        0064
_TXREG                               (abs)        0019
__H__absolute__                      __absolute__ 0000
__Habs1                              abs1         0000
__Hbank0                             bank0        0000
__Hbank1                             bank1        0000
__Hbank2                             bank2        0000
__Hbank3                             bank3        0000
__HbssBANK0                          bssBANK0     0000
__HbssBANK1                          bssBANK1     0000
__HbssCOMMON                         bssCOMMON    0000
__Hcinit                             cinit        003E
__Hclrtext                           clrtext      0000
__Hcode                              code         0000
__Hcommon                            common       0000
__Hconfig                            config       2008
__HcstackBANK0                       cstackBANK0  0000
__HcstackBANK3                       cstackBANK3  0000
__HcstackCOMMON                      cstackCOMMON 0000
__HdataBANK0                         dataBANK0    0000
__HdataBANK1                         dataBANK1    0000
__HdataCOMMON                        dataCOMMON   0000
__Heeprom_data                       eeprom_data  0000
__Hend_init                          end_init     000F
__Hfunctab                           functab      0000
__Hheap                              heap         0000
__HidataBANK0                        idataBANK0   0000
__HidataBANK1                        idataBANK1   0000
__HidataCOMMON                       idataCOMMON  0000
__Hidloc                             idloc        2004
__Hinit                              init         000C
__Hinittext                          inittext     0000
__Hintentry                          intentry     000C
__Hmaintext                          maintext     0000
__Hpowerup                           powerup      0000
__Hram                               ram          0000
__Hreset_vec                         reset_vec    0003
__Hsfr0                              sfr0         0000
__Hsfr1                              sfr1         0000
__Hsfr2                              sfr2         0000
__Hsfr3                              sfr3         0000
__Hsivt                              sivt         000C
__Hspace_0                           (abs)        2000
__Hspace_1                           (abs)        01A7
__Hspace_2                           (abs)        0000
__Hspace_3                           (abs)        0000
__Hspace_4                           (abs)        400F
__Hstack                             stack        0000
__Hstrings                           strings      0000
__Hstringtext                        stringtext   0000
__Htext                              text         0000
__L__absolute__                      __absolute__ 0000
__Labs1                              abs1         0000
__Lbank0                             bank0        0000
__Lbank1                             bank1        0000
__Lbank2                             bank2        0000
__Lbank3                             bank3        0000
__LbssBANK0                          bssBANK0     0000
__LbssBANK1                          bssBANK1     0000
__LbssCOMMON                         bssCOMMON    0000
__Lcinit                             cinit        000F
__Lclrtext                           clrtext      0000
__Lcode                              code         0000
__Lcommon                            common       0000
__Lconfig                            config       0000
__LcstackBANK0                       cstackBANK0  0000
__LcstackBANK3                       cstackBANK3  0000
__LcstackCOMMON                      cstackCOMMON 0000
__LdataBANK0                         dataBANK0    0000
__LdataBANK1                         dataBANK1    0000
__LdataCOMMON                        dataCOMMON   0000
__Leeprom_data                       eeprom_data  0000
__Lend_init                          end_init     000C
__Lfunctab                           functab      0000
__Lheap                              heap         0000
__LidataBANK0                        idataBANK0   0000
__LidataBANK1                        idataBANK1   0000
__LidataCOMMON                       idataCOMMON  0000
__Lidloc                             idloc        0000
__Linit                              init         000C
__Linittext                          inittext     0000
__Lintentry                          intentry     0004
__Lmaintext                          maintext     0000
__Lpowerup                           powerup      0000
__Lram                               ram          0000
__Lreset_vec                         reset_vec    0000
__Lsfr0                              sfr0         0000
__Lsfr1                              sfr1         0000
__Lsfr2                              sfr2         0000
__Lsfr3                              sfr3         0000
__Lsivt                              sivt         000C
__Lspace_0                           (abs)        0000
__Lspace_1                           (abs)        0000
__Lspace_2                           (abs)        0000
__Lspace_3                           (abs)        0000
__Lspace_4                           (abs)        0000
__Lstack                             stack        0000
__Lstrings                           strings      0000
__Lstringtext                        stringtext   0000
__Ltext                              text         0000
__S0                                 (abs)        2000
__S1                                 (abs)        01A7
__S3                                 (abs)        0000
___awdiv                             text34       173A
___awdiv@counter                     cstackCOMMON 0076
___awdiv@dividend                    cstackCOMMON 0074
___awdiv@divisor                     cstackCOMMON 0072
___awdiv@quotient                    cstackCOMMON 0078
___awdiv@sign                        cstackCOMMON 0077
___awmod                             text33       1624
___awmod@counter                     cstackCOMMON 0076
___awmod@dividend                    cstackCOMMON 0074
___awmod@divisor                     cstackCOMMON 0072
___awmod@sign                        cstackCOMMON 0077
___bmul                              text26       11F8
___bmul@multiplicand                 cstackCOMMON 0072
___bmul@multiplier                   cstackCOMMON 0074
___bmul@product                      cstackCOMMON 0073
___fldiv                             text50       036C
___fldiv@a                           cstackBANK0  002A
___fldiv@aexp                        cstackBANK0  0043
___fldiv@b                           cstackBANK0  002E
___fldiv@bexp                        cstackBANK0  0042
___fldiv@grs                         cstackBANK0  003E
___fldiv@new_exp                     cstackBANK0  003C
___fldiv@rem                         cstackBANK0  0037
___fldiv@sign                        cstackBANK0  003B
___fltol                             text49       086A
___fltol@exp1                        cstackBANK0  004D
___fltol@f1                          cstackBANK0  0044
___fltol@sign1                       cstackBANK0  004C
___heap_hi                           (abs)        0000
___heap_lo                           (abs)        0000
___int_sp                            stack        0000
___int_stack_hi                      stack        0000
___int_stack_lo                      stack        0000
___latbits                           (abs)        0002
___lldiv                             text15       0804
___lldiv@counter                     cstackBANK0  0025
___lldiv@dividend                    cstackCOMMON 0076
___lldiv@divisor                     cstackCOMMON 0072
___lldiv@quotient                    cstackBANK0  0021
___sp                                stack        0000
___stack_hi                          stack        0000
___stack_lo                          stack        0000
___stackhi                           (abs)        0000
___stacklo                           (abs)        0000
___xxtofl                            text48       08E0
___xxtofl@arg                        cstackBANK0  0026
___xxtofl@exp                        cstackBANK0  0025
___xxtofl@sign                       cstackBANK0  0024
___xxtofl@val                        cstackCOMMON 0076
__end_of___awdiv                     text34       179D
__end_of___awmod                     text33       167B
__end_of___bmul                      text26       120B
__end_of___fldiv                     text50       0536
__end_of___fltol                     text49       08E0
__end_of___lldiv                     text15       086A
__end_of___xxtofl                    text48       0996
__end_of__initialization             cinit        003A
__end_of__stringtab                  strings      11A4
__end_of_change_passwd               text36       0CB1
__end_of_clcd_print                  text46       13CA
__end_of_clcd_putch                  text45       1233
__end_of_clcd_write                  text47       1494
__end_of_clear_display               text44       11D4
__end_of_clear_log                   text35       14CB
__end_of_display_dashboard           text27       1624
__end_of_display_time                text28       173A
__end_of_download_log                text22       07B3
__end_of_ext_eeprom_24C02_byte_write text39       126A
__end_of_ext_eeprom_24C02_read       text25       1370
__end_of_ext_eeprom_24C02_str_write  text10       139B
__end_of_get_time                    text29       0800
__end_of_i2c_read                    text32       12A9
__end_of_i2c_rep_start               text31       1FEA
__end_of_i2c_start                   text42       1FCB
__end_of_i2c_stop                    text41       1FD4
__end_of_i2c_wait_for_idle           text43       11B6
__end_of_i2c_write                   text40       1FDF
__end_of_init_adc                    text21       1FBA
__end_of_init_clcd                   text19       2000
__end_of_init_config                 text11       1585
__end_of_init_digital_keypad         text18       1FB3
__end_of_init_display_controller     text20       1800
__end_of_init_ds1307                 text16       11E6
__end_of_init_i2c                    text14       145E
__end_of_init_timer2                 text13       11C3
__end_of_init_uart                   text12       13FA
__end_of_isr                         text51       142C
__end_of_log_event                   text7        16D8
__end_of_login                       text6        06EB
__end_of_main                        maintext     036C
__end_of_menu_screen                 text5        0B19
__end_of_putchar                     text24       1FF5
__end_of_puts                        text23       12F0
__end_of_read_adc                    text4        11F8
__end_of_read_digital_keypad         text38       131A
__end_of_read_ds1307                 text30       1345
__end_of_set_time                    text3        0E58
__end_of_store_event                 text9        1503
__end_of_strcpy                      text2        12CA
__end_of_strncmp                     text37       15D0
__end_of_strncpy                     text8        1542
__end_of_view_log                    text1        1000
__end_of_write_ds1307                text17       1288
__initialization                     cinit        000F
__pbssBANK0                          bssBANK0     0052
__pbssBANK1                          bssBANK1     00A0
__pbssCOMMON                         bssCOMMON    007A
__pcstackBANK0                       cstackBANK0  0020
__pcstackBANK3                       cstackBANK3  0190
__pcstackCOMMON                      cstackCOMMON 0070
__pdataBANK0                         dataBANK0    005A
__pdataBANK1                         dataBANK1    00CA
__pdataCOMMON                        dataCOMMON   007B
__pidataBANK0                        idataBANK0   0803
__pidataBANK1                        idataBANK1   1233
__pidataCOMMON                       idataCOMMON  0003
__pintentry                          intentry     0004
__pmaintext                          maintext     003E
__pstrings                           strings      1192
__pstringtext                        stringtext   1000
__ptext1                             text1        0E58
__ptext10                            text10       1370
__ptext11                            text11       1542
__ptext12                            text12       13CA
__ptext13                            text13       11B6
__ptext14                            text14       142C
__ptext15                            text15       0804
__ptext16                            text16       11D4
__ptext17                            text17       126A
__ptext18                            text18       1FAD
__ptext19                            text19       1FF5
__ptext2                             text2        12A9
__ptext20                            text20       179D
__ptext21                            text21       1FB3
__ptext22                            text22       06EB
__ptext23                            text23       12CA
__ptext24                            text24       1FEA
__ptext25                            text25       1345
__ptext26                            text26       11F8
__ptext27                            text27       15D0
__ptext28                            text28       16D8
__ptext29                            text29       07B3
__ptext3                             text3        0CB1
__ptext30                            text30       131A
__ptext31                            text31       1FDF
__ptext32                            text32       1288
__ptext33                            text33       1624
__ptext34                            text34       173A
__ptext35                            text35       1494
__ptext36                            text36       0B19
__ptext37                            text37       1585
__ptext38                            text38       12F0
__ptext39                            text39       124C
__ptext4                             text4        11E6
__ptext40                            text40       1FD4
__ptext41                            text41       1FCB
__ptext42                            text42       1FC2
__ptext43                            text43       11A9
__ptext44                            text44       11C3
__ptext45                            text45       121E
__ptext46                            text46       139B
__ptext47                            text47       145E
__ptext48                            text48       08E0
__ptext49                            text49       086A
__ptext5                             text5        0996
__ptext50                            text50       036C
__ptext51                            text51       13FA
__ptext6                             text6        0536
__ptext7                             text7        167B
__ptext8                             text8        1503
__ptext9                             text9        14CB
__stringbase                         strings      11A4
__stringtab                          strings      1192
_change_passwd                       text36       0B19
_clcd_print                          text46       139B
_clcd_putch                          text45       121E
_clcd_write                          text47       145E
_clear_display                       text44       11C3
_clear_flag                          bssBANK0     0056
_clear_log                           text35       1494
_clock_reg                           bssBANK1     00A0
_display_dashboard                   text27       15D0
_display_time                        text28       16D8
_download_log                        text22       06EB
_ext_eeprom_24C02_byte_write         text39       124C
_ext_eeprom_24C02_read               text25       1345
_ext_eeprom_24C02_str_write          text10       1370
_get_time                            text29       07B3
_i2c_read                            text32       1288
_i2c_rep_start                       text31       1FDF
_i2c_start                           text42       1FC2
_i2c_stop                            text41       1FCB
_i2c_wait_for_idle                   text43       11A9
_i2c_write                           text40       1FD4
_init_adc                            text21       1FB3
_init_clcd                           text19       1FF5
_init_config                         text11       1542
_init_digital_keypad                 text18       1FAD
_init_display_controller             text20       179D
_init_ds1307                         text16       11D4
_init_i2c                            text14       142C
_init_timer2                         text13       11B6
_init_uart                           text12       13CA
_isr                                 text51       13FA
_log                                 bssBANK1     00AD
_log_count                           bssBANK1     00A9
_log_event                           text7        167B
_log_pos                             bssCOMMON    007A
_login                               text6        0536
_main                                maintext     003E
_menu                                dataBANK1    00D6
_menu_pos                            bssBANK0     0057
_menu_screen                         text5        0996
_nDONE                               (abs)        00FA
_putchar                             text24       1FEA
_puts                                text23       12CA
_read_adc                            text4        11E6
_read_digital_keypad                 text38       12F0
_read_ds1307                         text30       131A
_return_time                         bssBANK0     0058
_sec                                 bssBANK0     0059
_set_time                            text3        0CB1
_store_event                         text9        14CB
_strcpy                              text2        12A9
_strncmp                             text37       1585
_strncpy                             text8        1503
_time                                bssBANK1     00B8
_view_log                            text1        0E58
_write_ds1307                        text17       126A
btemp                                (abs)        007E
change_passwd@addr                   cstackBANK0  0025
change_passwd@in                     bssBANK0     0053
change_passwd@in1                    bssBANK0     0052
change_passwd@j                      cstackBANK0  0026
change_passwd@key                    cstackBANK0  0028
change_passwd@new_passwd             bssBANK1     00C2
change_passwd@new_passwd1            bssBANK1     00BE
clcd_print@addr                      cstackCOMMON 0078
clcd_print@str                       cstackCOMMON 0076
clcd_putch@addr                      cstackBANK0  0020
clcd_putch@data                      cstackBANK0  0021
clcd_write@byte                      cstackCOMMON 0075
clcd_write@mode                      cstackCOMMON 0072
clear_ram0                           clrtext      1FBA
display_dashboard@event              cstackBANK0  0022
display_dashboard@speed              cstackBANK0  0023
download_log@addr                    cstackBANK0  0034
download_log@event                   cstackBANK0  0035
download_log@i                       cstackBANK0  003B
download_log@j                       cstackBANK0  003C
download_log@log_buf                 cstackBANK0  0020
download_log@speed                   cstackBANK0  0038
download_log@time_disp               cstackBANK0  002B
end_of_initialization                cinit        003A
ext_eeprom_24C02_byte_write@addr     cstackCOMMON 0074
ext_eeprom_24C02_byte_write@data     cstackCOMMON 0073
ext_eeprom_24C02_read@addr           cstackCOMMON 0074
ext_eeprom_24C02_read@data           cstackCOMMON 0075
ext_eeprom_24C02_str_write@addr      cstackCOMMON 0077
ext_eeprom_24C02_str_write@str       cstackCOMMON 0075
i2c_read@ack                         cstackCOMMON 0072
i2c_read@data                        cstackCOMMON 0073
i2c_write@data                       cstackCOMMON 0072
init_ds1307@dummy                    cstackCOMMON 0076
init_fetch0                          inittext     120B
init_i2c@baud                        cstackBANK0  0026
init_ram0                            inittext     120F
init_uart@baud                       cstackBANK0  0026
interrupt_function                   intentry     0004
intlevel0                            functab      0000
intlevel1                            functab      0000
intlevel2                            functab      0000
intlevel3                            functab      0000
intlevel4                            functab      0000
intlevel5                            functab      0000
isr@count                            bssBANK1     00A3
log_event@event                      cstackBANK0  0020
log_event@speed                      cstackBANK0  0021
login@attempt_left                   bssBANK0     0055
login@i                              bssBANK0     0054
login@j                              cstackBANK0  002B
login@key                            cstackBANK0  002A
login@reset_flag                     cstackBANK0  0022
login@s_passwd                       cstackBANK0  0026
login@user_passwd                    bssBANK1     00C6
main@F1244                           dataBANK1    00E0
main@F1248                           dataBANK1    00CA
main@control_flag                    cstackBANK3  01A6
main@event                           cstackBANK3  019F
main@gear                            cstackBANK3  0190
main@gr                              cstackBANK3  01A4
main@i                               cstackBANK3  019C
main@key                             cstackBANK3  01A5
main@menu_pos                        cstackBANK3  019E
main@reset_flag                      cstackBANK3  01A2
main@speed                           cstackBANK3  01A3
menu_screen@control_flag             cstackBANK0  0023
menu_screen@key                      cstackBANK0  0027
menu_screen@longpress                bssBANK1     00AC
menu_screen@menu_delay               bssBANK1     00A5
menu_screen@prev_key                 dataBANK0    005A
menu_screen@reset_flag               cstackBANK0  0022
menu_screen@short_press_done         bssBANK1     00AB
putchar@data                         cstackCOMMON 0072
puts@s                               cstackCOMMON 0073
read_adc@adc_reg_val                 cstackCOMMON 0074
read_digital_keypad@mode             cstackCOMMON 0073
read_digital_keypad@once             dataCOMMON   007B
read_ds1307@addr                     cstackCOMMON 0074
read_ds1307@data                     cstackCOMMON 0075
reset_vec                            reset_vec    0000
saved_w                              (abs)        007E
set_time@blink                       cstackBANK0  0027
set_time@delay                       cstackBANK0  0028
set_time@field                       cstackBANK0  0031
set_time@i                           cstackBANK0  0032
set_time@key                         cstackBANK0  002D
set_time@old_key                     cstackBANK0  0026
set_time@ones                        cstackBANK0  002E
set_time@pos                         cstackBANK0  002F
set_time@tens                        cstackBANK0  0030
set_time@time_fields                 cstackBANK0  002A
set_time@value                       cstackBANK0  0025
start                                init         000C
start_initialization                 cinit        000F
store_event@addr                     cstackCOMMON 0078
strcpy@d                             cstackCOMMON 0077
strcpy@dest                          cstackCOMMON 0072
strcpy@src                           cstackCOMMON 0073
strncmp@l                            cstackCOMMON 0072
strncmp@n                            cstackCOMMON 0074
strncmp@r                            cstackCOMMON 0073
strncpy@cp                           cstackCOMMON 0079
strncpy@d                            cstackCOMMON 0072
strncpy@n                            cstackCOMMON 0075
strncpy@s                            cstackCOMMON 0073
view_log@addr                        cstackBANK0  0039
view_log@event                       cstackBANK0  003A
view_log@i                           cstackBANK0  0046
view_log@j                           cstackBANK0  0045
view_log@key                         cstackBANK0  0040
view_log@log_buf                     cstackBANK0  0025
view_log@speed                       cstackBANK0  003D
view_log@sw4_count                   cstackBANK0  0041
view_log@sw5_count                   cstackBANK0  0043
view_log@time_disp                   cstackBANK0  0030
write_ds1307@addr                    cstackCOMMON 0074
write_ds1307@data                    cstackCOMMON 0073
wtemp0                               (abs)        007E


MODULE INFORMATION

Module		Function		Class		Link	Load	Size
timers.c
		_init_timer2   		CODE           	11B6	0000	13

timers.c estimated size: 13

digital_keypad.c
		_init_digital_keypad		CODE           	1FAD	0000	6
		_read_digital_keypad		CODE           	12F0	0000	42

digital_keypad.c estimated size: 48

uart.c
		_init_uart     		CODE           	13CA	0000	48
		_puts          		CODE           	12CA	0000	38
		_putchar       		CODE           	1FEA	0000	11

uart.c estimated size: 97

car_def.c
		_view_log      		CODE           	0E58	0000	424
		_display_time  		CODE           	16D8	0000	98
		_menu_screen   		CODE           	0996	0000	387
		_clear_display 		CODE           	11C3	0000	17
		_display_dashboard		CODE           	15D0	0000	84
		_get_time      		CODE           	07B3	0000	77
		_download_log  		CODE           	06EB	0000	200
		_log_event     		CODE           	167B	0000	93
		_set_time      		CODE           	0CB1	0000	423
		_clear_log     		CODE           	1494	0000	55
		_store_event   		CODE           	14CB	0000	56
		_change_passwd 		CODE           	0B19	0000	408
		_login         		CODE           	0536	0000	437

car_def.c estimated size: 2759

i2c.c
		_i2c_start     		CODE           	1FC2	0000	9
		_i2c_rep_start 		CODE           	1FDF	0000	11
		_i2c_write     		CODE           	1FD4	0000	11
		_i2c_stop      		CODE           	1FCB	0000	9
		_i2c_read      		CODE           	1288	0000	33
		_init_i2c      		CODE           	142C	0000	50
		_i2c_wait_for_idle		CODE           	11A9	0000	13

i2c.c estimated size: 136

ds1307.c
		_read_ds1307   		CODE           	131A	0000	43
		_write_ds1307  		CODE           	126A	0000	30
		_init_ds1307   		CODE           	11D4	0000	18

ds1307.c estimated size: 91

adc.c
		_init_adc      		CODE           	1FB3	0000	7
		_read_adc      		CODE           	11E6	0000	18

adc.c estimated size: 25

C:\Program Files\Microchip\xc8\v3.00\pic\sources\c99\common\awmod.c
		___awmod       		CODE           	1624	0000	87

C:\Program Files\Microchip\xc8\v3.00\pic\sources\c99\common\awmod.c estimated size: 87

C:\Program Files\Microchip\xc8\v3.00\pic\sources\c99\common\strncmp.c
		_strncmp       		CODE           	1585	0000	75

C:\Program Files\Microchip\xc8\v3.00\pic\sources\c99\common\strncmp.c estimated size: 75

C:\Program Files\Microchip\xc8\v3.00\pic\sources\c99\common\strncpy.c
		_strncpy       		CODE           	1503	0000	63

C:\Program Files\Microchip\xc8\v3.00\pic\sources\c99\common\strncpy.c estimated size: 63

C:\Program Files\Microchip\xc8\v3.00\pic\sources\c99\common\__lldiv.c
		___lldiv       		CODE           	0804	0000	102

C:\Program Files\Microchip\xc8\v3.00\pic\sources\c99\common\__lldiv.c estimated size: 102

EEPROM.c
		_ext_eeprom_24C02_str_write		CODE           	1370	0000	43
		_ext_eeprom_24C02_byte_write		CODE           	124C	0000	30
		_ext_eeprom_24C02_read		CODE           	1345	0000	43

EEPROM.c estimated size: 116

isr.c
		_isr           		CODE           	13FA	0000	50

isr.c estimated size: 50

C:\Program Files\Microchip\xc8\v3.00\pic\sources\c99\common\sprcdiv.c
		___fldiv       		CODE           	036C	0000	458

C:\Program Files\Microchip\xc8\v3.00\pic\sources\c99\common\sprcdiv.c estimated size: 458

shared
		__stringtab    		STRING         	1192	0000	18
		__initialization		CODE           	000F	0000	43

shared estimated size: 61

clcd.c
		_clcd_write    		CODE           	145E	0000	54
		_clcd_print    		CODE           	139B	0000	47
		_clcd_putch    		CODE           	121E	0000	21
		_init_display_controller		CODE           	179D	0000	99
		_init_clcd     		CODE           	1FF5	0000	11

clcd.c estimated size: 232

C:\Program Files\Microchip\xc8\v3.00\pic\sources\c99\common\xxtofl.c
		___xxtofl      		CODE           	08E0	0000	182

C:\Program Files\Microchip\xc8\v3.00\pic\sources\c99\common\xxtofl.c estimated size: 182

C:\Program Files\Microchip\xc8\v3.00\pic\sources\c99\common\strcpy.c
		_strcpy        		CODE           	12A9	0000	33

C:\Program Files\Microchip\xc8\v3.00\pic\sources\c99\common\strcpy.c estimated size: 33

C:\Program Files\Microchip\xc8\v3.00\pic\sources\c99\common\awdiv.c
		___awdiv       		CODE           	173A	0000	99

C:\Program Files\Microchip\xc8\v3.00\pic\sources\c99\common\awdiv.c estimated size: 99

C:\Program Files\Microchip\xc8\v3.00\pic\sources\c99\common\fltol.c
		___fltol       		CODE           	086A	0000	118

C:\Program Files\Microchip\xc8\v3.00\pic\sources\c99\common\fltol.c estimated size: 118

main.c
		_main          		CODE           	003E	0000	814
		_init_config   		CODE           	1542	0000	67

main.c estimated size: 881

C:\Program Files\Microchip\xc8\v3.00\pic\sources\c99\common\Umul8.c
		___bmul        		CODE           	11F8	0000	19

C:\Program Files\Microchip\xc8\v3.00\pic\sources\c99\common\Umul8.c estimated size: 19

